
> pet-care-client@1.0.0 build
> vite build

[36mvite v5.4.21 [32mbuilding for production...[36m[39m
transforming...
[32m✓[39m 1682 modules transformed.
rendering chunks...
computing gzip size...
[2mdist/[22m[32mindex.html                 [39m[1m[2m  0.41 kB[22m[1m[22m[2m │ gzip:   0.28 kB[22m
[2mdist/[22m[35massets/index-BJN6Q_ao.css  [39m[1m[2m 84.18 kB[22m[1m[22m[2m │ gzip:  16.83 kB[22m
[2mdist/[22m[36massets/index-CHROp8QG.js   [39m[1m[2m392.14 kB[22m[1m[22m[2m │ gzip: 111.87 kB[22m
[32m✓ built in 4.71s[39m
